--------- beginning of main
07-10 17:07:23.618  3260  3260 E SatelliteController: registerForSatelliteModemStateChanged: mSatelliteSessionController is not initialized yet
07-10 17:07:23.620  3260  3260 E SatelliteController: registerForSatelliteModemStateChanged: mSatelliteSessionController is not initialized yet
07-10 17:07:24.560 31739 31867 I ReactNativeJS: Running "main" with {"rootTag":1,"initialProps":{},"fabric":true}
07-10 17:07:25.654  1740  2264 E SensorsMultiHal: Decrementing wakelock ref count by 1 when count is 0
07-10 17:07:26.177  3260  3260 E SatelliteController: registerForSatelliteModemStateChanged: mSatelliteSessionController is not initialized yet
07-10 17:07:26.179  3260  3260 E SatelliteController: registerForSatelliteModemStateChanged: mSatelliteSessionController is not initialized yet
07-10 17:07:28.019 21996 22028 E AbstractLogEventBuilder: The provided ProductIdOrigin 3 is not one of the process-level expected values: 1 or 2
07-10 17:07:28.256  3260  3260 E SatelliteController: registerForSatelliteModemStateChanged: mSatelliteSessionController is not initialized yet
07-10 17:07:28.258  3260  3260 E SatelliteController: registerForSatelliteModemStateChanged: mSatelliteSessionController is not initialized yet
07-10 17:07:34.218 31739 31917 E bare    : Uncaught (in promise) AddonError: ADDON_NOT_FOUND: Cannot find addon '.' imported from 'file:///worker.bundle/node_modules/bare-net/node_modules/bare-dns/binding.js'
07-10 17:07:34.218 31739 31917 E bare    : Candidates:
07-10 17:07:34.218 31739 31917 E bare    : - linked:libbare-dns.2.1.4.so
07-10 17:07:34.218 31739 31917 E bare    :     at Addon.resolve (bare:/bare.js:3831:22)
07-10 17:07:34.218 31739 31917 E bare    :     at require.addon (bare:/worklet.bundle/node_modules/bare-module/index.js:776:33)
07-10 17:07:34.218 31739 31917 E bare    :     at file:///worker.bundle/node_modules/bare-net/node_modules/bare-dns/binding.js:1:26
07-10 17:07:34.218 31739 31917 E bare    :     at Module._evaluate (bare:/worklet.bundle/node_modules/bare-module/index.js:210:7)
07-10 17:07:34.218 31739 31917 E bare    :     at Module._transform (bare:/worklet.bundle/node_modules/bare-module/index.js:122:12)
07-10 17:07:34.218 31739 31917 E bare    :     at Module.load (bare:/worklet.bundle/node_modules/bare-module/index.js:467:21)
07-10 17:07:34.218 31739 31917 E bare    :     at require (bare:/worklet.bundle/node_modules/bare-module/index.js:763:25)
07-10 17:07:34.218 31739 31917 E bare    :     at file:///worker.bundle/node_modules/bare-net/node_modules/bare-dns/index.js:1:17
07-10 17:07:34.218 31739 31917 E bare    :     at Module._evaluate (bare:/worklet.bundle/node_modules/bare-module/index.js:210:7)
07-10 17:07:34.218 31739 31917 E bare    :     at Module._transform (bare:/worklet.bundle/node_modules/bare-module/index.js:122
--------- beginning of crash
07-10 17:07:34.218 31739 31917 F libc    : Fatal signal 6 (SIGABRT), code -1 (SI_QUEUE) in tid 31917 (mqt_v_js), pid 31739 (com.obdient.app)
07-10 17:07:35.309 31929 31929 F DEBUG   : *** *** *** *** *** *** *** *** *** *** *** *** *** *** *** ***
07-10 17:07:35.309 31929 31929 F DEBUG   : Build fingerprint: 'motorola/scout_g_sysesn/scout:16/W1VCS36H.14-20-19-4/f3694-950e1:user/release-keys'
07-10 17:07:35.309 31929 31929 F DEBUG   : Revision: 'PVT'
07-10 17:07:35.309 31929 31929 F DEBUG   : ABI: 'arm64'
07-10 17:07:35.309 31929 31929 F DEBUG   : Timestamp: 2026-07-10 17:07:34.417256614-0300
07-10 17:07:35.309 31929 31929 F DEBUG   : Process uptime: 17s
07-10 17:07:35.309 31929 31929 F DEBUG   : Cmdline: com.obdient.app
07-10 17:07:35.310 31929 31929 F DEBUG   : pid: 31739, tid: 31917, name: mqt_v_js  >>> com.obdient.app <<<
07-10 17:07:35.310 31929 31929 F DEBUG   : uid: 10493
07-10 17:07:35.310 31929 31929 F DEBUG   : tagged_addr_ctrl: 0000000000000001 (PR_TAGGED_ADDR_ENABLE)
07-10 17:07:35.310 31929 31929 F DEBUG   : signal 6 (SIGABRT), code -1 (SI_QUEUE), fault addr --------
07-10 17:07:35.310 31929 31929 F DEBUG   :     x0  0000000000000000  x1  0000000000007cad  x2  0000000000000006  x3  000000747262b6a0
07-10 17:07:35.310 31929 31929 F DEBUG   :     x4  0000002053309c61  x5  0000002053309c61  x6  0000002053309c61  x7  0000000000000f00
07-10 17:07:35.310 31929 31929 F DEBUG   :     x8  00000000000000f0  x9  8487760c0e6acc0e  x10 0000000000000001  x11 0000007a4090f1f0
07-10 17:07:35.310 31929 31929 F DEBUG   :     x12 00000000000000a8  x13 000000393d22d6d9  x14 0000000000eb4b56  x15 000000f3d39c311f
07-10 17:07:35.310 31929 31929 F DEBUG   :     x16 0000007a4097d0f8  x17 0000007a40962c40  x18 000000746ee94000  x19 0000000000007bfb
07-10 17:07:35.310 31929 31929 F DEBUG   :     x20 0000000000007cad  x21 00000000ffffffff  x22 0000000000000001  x23 000000000000000d
07-10 17:07:35.310 31929 31929 F DEBUG   :     x24 0000000000000000  x25 0000002053308e09  x26 b400007a1dc08100  x27 000000393d204e51
07-10 17:07:35.310 31929 31929 F DEBUG   :     x28 0000000000000000  x29 000000747262b720
07-10 17:07:35.310 31929 31929 F DEBUG   :     lr  0000007a408f89d8  sp  000000747262b6a0  pc  0000007a408f89fc  pst 0000000000001000
07-10 17:07:35.310 31929 31929 F DEBUG   : 4 total frames
07-10 17:07:35.310 31929 31929 F DEBUG   : backtrace:
07-10 17:07:35.310 31929 31929 F DEBUG   :       #00 pc 00000000000729fc  /apex/com.android.runtime/lib64/bionic/libc.so (abort+156) (BuildId: 4740301183e36162080bd774fc515f34)
07-10 17:07:35.310 31929 31929 F DEBUG   :       #01 pc 0000000001e43bec  /data/app/~~YO6nDQWJiUeG6fT3n2GYiQ==/com.obdient.app-mfq-L291cWCvVcP6QhxYFQ==/base.apk!libbare-kit.so (offset 0x3f70000) (BuildId: df90e53687cb87113ef50d7b7b58d0c5485163c3)
07-10 17:07:35.310 31929 31929 F DEBUG   :       #02 pc 0000000001e5c108  /data/app/~~YO6nDQWJiUeG6fT3n2GYiQ==/com.obdient.app-mfq-L291cWCvVcP6QhxYFQ==/base.apk!libbare-kit.so (offset 0x3f70000) (js_callback_s::on_call(v8::FunctionCallbackInfo<v8::Value> const&)+52) (BuildId: df90e53687cb87113ef50d7b7b58d0c5485163c3)
07-10 17:07:35.310 31929 31929 F DEBUG   :       #03 pc 0000000003457fa4  /data/app/~~YO6nDQWJiUeG6fT3n2GYiQ==/com.obdient.app-mfq-L291cWCvVcP6QhxYFQ==/base.apk!libbare-kit.so (offset 0x3f70000) (BuildId: df90e53687cb87113ef50d7b7b58d0c5485163c3)
07-10 17:07:35.338  1211  1211 E tombstoned: Tombstone written to: tombstone_29
07-10 17:07:35.459 22299 22299 E orola.launcher3: No package ID ff found for resource ID 0xffecf2f0.
07-10 17:07:35.460 22299 22299 E orola.launcher3: No package ID ff found for resource ID 0xffecf2f0.
07-10 17:07:35.461 22299 22299 E orola.launcher3: No package ID ff found for resource ID 0xffecf2f0.
07-10 17:07:35.462 22299 22299 E orola.launcher3: No package ID ff found for resource ID 0xffecf2f0.
07-10 17:07:35.472 31439 31439 E NetworkErrorMessage: (REDACTED) Invalid connectivity state: %s
07-10 17:07:35.817  2347  5799 E IPCThreadState: Binder transaction failure. id: 13549561, BR_*: 29189, error: -22 (Invalid argument)
07-10 17:07:35.846  1835  1835 E BpTransactionCompletedListener: Failed to transact (-32)
07-10 17:07:35.867  2347  3202 E ModeMonitor: It has no background voice app to use wifi data
07-10 17:07:39.572  2347  3202 E ModeMonitor: It has no background voice app to use wifi data
07-10 17:07:39.587  1736  1760 E hwcomposer: [DRMDEV] isSupportWbParams(), disp(1220, 2712)  
07-10 17:07:39.628  1740  2264 E SensorsMultiHal: Decrementing wakelock ref count by 1 when count is 0
07-10 17:07:39.776  1736  1760 E hwcomposer: [DRMDEV] isSupportWbParams(), disp(1220, 2712)  
07-10 17:07:39.878  1736  1760 E hwcomposer: [DRMDEV] isSupportWbParams(), disp(1220, 2712)  
07-10 17:07:40.281 31953 31953 E DevLauncherController: Failed to hide splash screen
07-10 17:07:40.281 31953 31953 E DevLauncherController: java.lang.ClassNotFoundException: expo.modules.splashscreen.SplashScreenManager
07-10 17:07:40.281 31953 31953 E DevLauncherController: 	at java.lang.Class.classForName(Native Method)
07-10 17:07:40.281 31953 31953 E DevLauncherController: 	at java.lang.Class.forName(Class.java:591)
07-10 17:07:40.281 31953 31953 E DevLauncherController: 	at java.lang.Class.forName(Class.java:496)
07-10 17:07:40.281 31953 31953 E DevLauncherController: 	at expo.modules.devlauncher.DevLauncherController$Companion.initialize$expo_dev_launcher_debug(DevLauncherController.kt:478)
07-10 17:07:40.281 31953 31953 E DevLauncherController: 	at expo.modules.devlauncher.DevLauncherController$Companion.initialize(DevLauncherController.kt:516)
07-10 17:07:40.281 31953 31953 E DevLauncherController: 	at expo.modules.devlauncher.DevLauncherController$Companion.initialize$default(DevLauncherController.kt:509)
07-10 17:07:40.281 31953 31953 E DevLauncherController: 	at expo.modules.devlauncher.DevLauncherPackageDelegate$createApplicationLifecycleListeners$1.onCreate(DevLauncherPackageDelegate.kt:40)
07-10 17:07:40.281 31953 31953 E DevLauncherController: 	at expo.modules.ApplicationLifecycleDispatcher.onApplicationCreate(ApplicationLifecycleDispatcher.kt:20)
07-10 17:07:40.281 31953 31953 E DevLauncherController: 	at com.obdient.app.MainApplication.onCreate(MainApplication.kt:38)
07-10 17:07:40.281 31953 31953 E DevLauncherController: 	at android.app.Instrumentation.callApplicationOnCreate(Instrumentation.java:1381)
07-10 17:07:40.281 31953 31953 E DevLauncherController: 	at android.app.ActivityThread.handleBindApplication(ActivityThread.java:8047)
07-10 17:07:40.281 31953 31953 E DevLauncherController: 	at android.app.ActivityThread.-$$Nest$mhandleBindApplication(ActivityThread.java:0)
07-10 17:07:40.281 31953 31953 E DevLauncherController: 	at android.app.ActivityThread$H.handleMessage(ActivityThread.java:2687)
07-10 17:07:40.281 31953 31953 E DevLauncherController: 	at android.os.Handler.dispatchMessage(Handler.java:115)
07-10 17:07:40.281 31953 31953 E DevLauncherController: 	at android.os.Looper.loopOnce(Looper.java:292)
07-10 17:07:40.281 31953 31953 E DevLauncherController: 	at android.os.Looper.loop(Looper.java:416)
07-10 17:07:40.281 31953 31953 E DevLauncherController: 	at android.app.ActivityThread.main(ActivityThread.java:9333)
07-10 17:07:40.281 31953 31953 E DevLauncherController: 	at java.lang.reflect.Method.invoke(Native Method)
07-10 17:07:40.281 31953 31953 E DevLauncherController: 	at com.android.internal.os.RuntimeInit$MethodAndArgsCaller.run(RuntimeInit.java:593)
07-10 17:07:40.281 31953 31953 E DevLauncherController: 	at com.android.internal.os.ZygoteInit.main(ZygoteInit.java:953)
07-10 17:07:40.281 31953 31953 E DevLauncherController: Caused by: java.lang.ClassNotFoundException: Didn't find class "expo.modules.splashscreen.SplashScreenManager" on path: DexPathList[[zip file "/data/app/~~YO6nDQWJiUeG6fT3n2GYiQ==/com.obdient.app-mfq-L291cWCvVcP6QhxYFQ==/base.apk"],nativeLibraryDirectories=[/data/app/~~YO6nDQWJiUeG6fT3n2GYiQ==/com.obdient.app-mfq-L291cWCvVcP6QhxYFQ==/lib/arm64, /data/app/~~YO6nDQWJiUeG6fT3n2GYiQ==/com.obdient.app-mfq-L291cWCvVcP6QhxYFQ==/base.apk!/lib/arm64-v8a, /system/lib64, /system_ext/lib64]]
07-10 17:07:40.281 31953 31953 E DevLauncherController: 	at dalvik.system.BaseDexClassLoader.findClass(BaseDexClassLoader.java:259)
07-10 17:07:40.281 31953 31953 E DevLauncherController: 	at java.lang.ClassLoader.loadClass(ClassLoader.java:644)
07-10 17:07:40.281 31953 31953 E DevLauncherController: 	at java.lang.ClassLoader.loadClass(ClassLoader.java:580)
07-10 17:07:40.281 31953 31953 E DevLauncherController: 	... 20 more
07-10 17:07:40.324 31953 31981 E QT      : [QT]file does not exist
07-10 17:07:40.326 31953 31981 E QT      : [QT]file does not exist
07-10 17:07:40.354 31953 31953 E ashmem  : Pinning is deprecated since Android Q. Please use trim or other methods.
07-10 17:07:40.449 31953 31953 E com.obdient.app: [perfctl] 31953 31953 FPSGO ver:7
07-10 17:07:40.449 31953 31953 E com.obdient.app: [perfctl] 1 1 1 0
07-10 17:07:40.463 31953 31981 E HWUI    : fbcNotifySbeRescue error: undefined symbol: fbcNotifySbeRescue
07-10 17:07:40.463 31953 31981 E HWUI    : fbcNotifyHintFrame error: undefined symbol: fbcNotifyHintFrame
07-10 17:07:40.463 31953 31981 E HWUI    : updateSbeFeatureOption error: undefined symbol: updateSbeFeatureOption
07-10 17:07:41.267  3001 32655 E AccessibilityService: bindInput must be paired with unbindInput.
07-10 17:07:41.385  1736  2250 E hwcomposer: [DRMDEV] isSupportWbParams(), disp(1220, 2712)  
07-10 17:07:43.290  1740  2264 E SensorsMultiHal: Decrementing wakelock ref count by 1 when count is 0
07-10 17:07:43.386  1740  2264 E SensorsMultiHal: Decrementing wakelock ref count by 1 when count is 0
07-10 17:07:43.598  1736  2250 E hwcomposer: [DRMDEV] isSupportWbParams(), disp(1220, 2712)  
07-10 17:07:43.699  1736  2250 E hwcomposer: [DRMDEV] isSupportWbParams(), disp(1220, 2712)  
07-10 17:07:43.799  1736  2250 E hwcomposer: [DRMDEV] isSupportWbParams(), disp(1220, 2712)  
07-10 17:07:43.897  2347  2864 E NsdService: id 196 for 31 has no client mapping
07-10 17:07:43.901 31953 31953 E unknown:ReactHost: Unhandled SoftException
07-10 17:07:43.901 31953 31953 E unknown:ReactHost: com.facebook.react.bridge.ReactNoCrashSoftException: raiseSoftException(onWindowFocusChange(hasFocus = "true")): Tried to access onWindowFocusChange while context is not ready
07-10 17:07:43.901 31953 31953 E unknown:ReactHost: 	at com.facebook.react.runtime.ReactHostImpl.raiseSoftException(ReactHostImpl.kt:905)
07-10 17:07:43.901 31953 31953 E unknown:ReactHost: 	at com.facebook.react.runtime.ReactHostImpl.raiseSoftException$default(ReactHostImpl.kt:896)
07-10 17:07:43.901 31953 31953 E unknown:ReactHost: 	at com.facebook.react.runtime.ReactHostImpl.onWindowFocusChange(ReactHostImpl.kt:668)
07-10 17:07:43.901 31953 31953 E unknown:ReactHost: 	at com.facebook.react.ReactDelegate.onWindowFocusChanged(ReactDelegate.kt:229)
07-10 17:07:43.901 31953 31953 E unknown:ReactHost: 	at com.facebook.react.ReactActivityDelegate.onWindowFocusChanged(ReactActivityDelegate.java:237)
07-10 17:07:43.901 31953 31953 E unknown:ReactHost: 	at expo.modules.ReactActivityDelegateWrapper$onWindowFocusChanged$1.invokeSuspend(ReactActivityDelegateWrapper.kt:320)
07-10 17:07:43.901 31953 31953 E unknown:ReactHost: 	at expo.modules.ReactActivityDelegateWrapper$onWindowFocusChanged$1.invoke(ReactActivityDelegateWrapper.kt:8)
07-10 17:07:43.901 31953 31953 E unknown:ReactHost: 	at expo.modules.ReactActivityDelegateWrapper$onWindowFocusChanged$1.invoke(ReactActivityDelegateWrapper.kt:4)
07-10 17:07:43.901 31953 31953 E unknown:ReactHost: 	at expo.modules.ReactActivityDelegateWrapper$launchLifecycleScopeWithLock$1.invokeSuspend(ReactActivityDelegateWrapper.kt:452)
07-10 17:07:43.901 31953 31953 E unknown:ReactHost: 	at kotlin.coroutines.jvm.internal.BaseContinuationImpl.resumeWith(ContinuationImpl.kt:34)
07-10 17:07:43.901 31953 31953 E unknown:ReactHost: 	at kotlinx.coroutines.internal.DispatchedContinuationKt.resumeCancellableWith(DispatchedContinuation.kt:375)
07-10 17:07:43.901 31953 31953 E unknown:ReactHost: 	at kotlinx.coroutines.intrinsics.CancellableKt.startCoroutineCancellable(Cancellable.kt:26)
07-10 17:07:43.901 31953 31953 E unknown:ReactHost: 	at kotlinx.coroutines.CoroutineStart.invoke(CoroutineStart.kt:358)
07-10 17:07:43.901 31953 31953 E unknown:ReactHost: 	at kotlinx.coroutines.AbstractCoroutine.start(AbstractCoroutine.kt:134)
07-10 17:07:43.901 31953 31953 E unknown:ReactHost: 	at kotlinx.coroutines.BuildersKt__Builders_commonKt.launch(Builders.common.kt:53)
07-10 17:07:43.901 31953 31953 E unknown:ReactHost: 	at kotlinx.coroutines.BuildersKt.launch(dex-id-78fe8aacf2cfcf8579402dfd9132db6de41a8b1b:1)
07-10 17:07:43.901 31953 31953 E unknown:ReactHost: 	at kotlinx.coroutines.BuildersKt__Builders_commonKt.launch$default(Builders.common.kt:44)
07-10 17:07:43.901 31953 31953 E unknown:ReactHost: 	at kotlinx.coroutines.BuildersKt.launch$default(dex-id-78fe8aacf2cfcf8579402dfd9132db6de41a8b1b:1)
07-10 17:07:43.901 31953 31953 E unknown:ReactHost: 	at expo.modules.ReactActivityDelegateWrapper.launchLifecycleScopeWithLock(ReactActivityDelegateWrapper.kt:450)
07-10 17:07:43.901 31953 31953 E unknown:ReactHost: 	at expo.modules.ReactActivityDelegateWrapper.launchLifecycleScopeWithLock$default(ReactActivityDelegateWrapper.kt:446)
07-10 17:07:43.901 31953 31953 E unknown:ReactHost: 	at expo.modules.ReactActivityDelegateWrapper.onWindowFocusChanged(ReactActivityDelegateWrapper.kt:318)
07-10 17:07:43.901 31953 31953 E unknown:ReactHost: 	at com.facebook.react.ReactActivity.onWindowFocusChanged(ReactActivity.java:161)
07-10 17:07:43.901 31953 31953 E unknown:ReactHost: 	at androidx.appcompat.view.WindowCallbackWrapper.onWindowFocusChanged(WindowCallbackWrapper.java:124)
07-10 17:07:43.901 31953 31953 E unknown:ReactHost: 	at expo.modules.devmenu.detectors.InterceptingWindowCallback.onWindowFocusChanged(InterceptingWindowCallback.kt:2)
07-10 17:07:43.901 31953 31953 E unknown:ReactHost: 	at com.android.internal.policy.DecorView.onWindowFocusChanged(DecorView.java:1862)
07-10 17:07:43.901 31953 31953 E unknown:ReactHost: 	at android.view.View.dispatchWindowFocusChanged(View.java:17055)
07-10 17:07:43.901 31953 31953 E unknown:ReactHost: 	at android.view.ViewGroup.dispatchWindowFocusChanged(ViewGroup.java:1531)
07-10 17:07:43.901 31953 31953 E unknown:ReactHost: 	at android.view.ViewRootImpl.dispatchFocusEvent(ViewRootImpl.java:5253)
07-10 17:07:43.901 31953 31953 E unknown:ReactHost: 	at android.view.ViewRootImpl.handleWindowFocusChanged(ViewRootImpl.java:5157)
07-10 17:07:43.901 31953 31953 E unknown:ReactHost: 	at android.view.ViewRootImpl.-$$Nest$mhandleWindowFocusChanged(ViewRootImpl.java:0)
07-10 17:07:43.901 31953 31953 E unknown:ReactHost: 	at android.view.ViewRootImpl$ViewRootHandler.handleMessageImpl(ViewRootImpl.java:7429)
07-10 17:07:43.901 31953 31953 E unknown:ReactHost: 	at android.view.ViewRootImpl$ViewRootHandler.handleMessage(ViewRootImpl.java:7339)
07-10 17:07:43.901 31953 31953 E unknown:ReactHost: 	at android.os.Handler.dispatchMessage(Handler.java:115)
07-10 17:07:43.901 31953 31953 E unknown:ReactHost: 	at android.os.Looper.loopOnce(Looper.java:292)
07-10 17:07:43.901 31953 31953 E unknown:ReactHost: 	at android.os.Looper.loop(Looper.java:416)
07-10 17:07:43.901 31953 31953 E unknown:ReactHost: 	at android.app.ActivityThread.main(ActivityThread.java:9333)
07-10 17:07:43.901 31953 31953 E unknown:ReactHost: 	at java.lang.reflect.Method.invoke(Native Method)
07-10 17:07:43.901 31953 31953 E unknown:ReactHost: 	at com.android.internal.os.RuntimeInit$MethodAndArgsCaller.run(RuntimeInit.java:593)
07-10 17:07:43.901 31953 31953 E unknown:ReactHost: 	at com.android.internal.os.ZygoteInit.main(ZygoteInit.java:953)
07-10 17:07:44.000  1736  2250 E hwcomposer: [DRMDEV] isSupportWbParams(), disp(1220, 2712)  
07-10 17:07:44.349  1740  2264 E SensorsMultiHal: Decrementing wakelock ref count by 1 when count is 0
07-10 17:07:46.534 31953 32043 E RNBluetoothClassicModule: There is currently no active Catalyst instance
07-10 17:07:48.449  1980  2484 E md_thermal: interval=40 temp: 36500 30800 29600 29800
07-10 17:07:48.548 31953 32050 I ReactNativeJS: Running "main" with {"rootTag":1,"initialProps":{},"fabric":true}
07-10 17:07:53.408  1740  2264 E SensorsMultiHal: Decrementing wakelock ref count by 1 when count is 0
07-10 17:07:55.066  1736  2250 E hwcomposer: [DRMDEV] isSupportWbParams(), disp(1220, 2712)  
07-10 17:07:55.168  1736  1760 E hwcomposer: [DRMDEV] isSupportWbParams(), disp(1220, 2712)  
07-10 17:07:55.816  1740  2264 E SensorsMultiHal: Decrementing wakelock ref count by 1 when count is 0
07-10 17:07:55.912  1740  2264 E SensorsMultiHal: Decrementing wakelock ref count by 1 when count is 0
07-10 17:07:57.493 31953 32084 E bare    : Uncaught (in promise) AddonError: ADDON_NOT_FOUND: Cannot find addon '.' imported from 'file:///worker.bundle/node_modules/bare-net/node_modules/bare-dns/binding.js'
07-10 17:07:57.493 31953 32084 E bare    : Candidates:
07-10 17:07:57.493 31953 32084 E bare    : - linked:libbare-dns.2.1.4.so
07-10 17:07:57.493 31953 32084 E bare    :     at Addon.resolve (bare:/bare.js:3831:22)
07-10 17:07:57.493 31953 32084 E bare    :     at require.addon (bare:/worklet.bundle/node_modules/bare-module/index.js:776:33)
07-10 17:07:57.493 31953 32084 E bare    :     at file:///worker.bundle/node_modules/bare-net/node_modules/bare-dns/binding.js:1:26
07-10 17:07:57.493 31953 32084 E bare    :     at Module._evaluate (bare:/worklet.bundle/node_modules/bare-module/index.js:210:7)
07-10 17:07:57.493 31953 32084 E bare    :     at Module._transform (bare:/worklet.bundle/node_modules/bare-module/index.js:122:12)
07-10 17:07:57.493 31953 32084 E bare    :     at Module.load (bare:/worklet.bundle/node_modules/bare-module/index.js:467:21)
07-10 17:07:57.493 31953 32084 E bare    :     at require (bare:/worklet.bundle/node_modules/bare-module/index.js:763:25)
07-10 17:07:57.493 31953 32084 E bare    :     at file:///worker.bundle/node_modules/bare-net/node_modules/bare-dns/index.js:1:17
07-10 17:07:57.493 31953 32084 E bare    :     at Module._evaluate (bare:/worklet.bundle/node_modules/bare-module/index.js:210:7)
07-10 17:07:57.493 31953 32084 E bare    :     at Module._transform (bare:/worklet.bundle/node_modules/bare-module/index.js:122
07-10 17:07:57.493 31953 32084 F libc    : Fatal signal 6 (SIGABRT), code -1 (SI_QUEUE) in tid 32084 (mqt_v_js), pid 31953 (com.obdient.app)
07-10 17:07:57.861 32097 32097 F DEBUG   : *** *** *** *** *** *** *** *** *** *** *** *** *** *** *** ***
07-10 17:07:57.861 32097 32097 F DEBUG   : Build fingerprint: 'motorola/scout_g_sysesn/scout:16/W1VCS36H.14-20-19-4/f3694-950e1:user/release-keys'
07-10 17:07:57.861 32097 32097 F DEBUG   : Revision: 'PVT'
07-10 17:07:57.861 32097 32097 F DEBUG   : ABI: 'arm64'
07-10 17:07:57.861 32097 32097 F DEBUG   : Timestamp: 2026-07-10 17:07:57.628964538-0300
07-10 17:07:57.861 32097 32097 F DEBUG   : Process uptime: 20s
07-10 17:07:57.861 32097 32097 F DEBUG   : Cmdline: com.obdient.app
07-10 17:07:57.861 32097 32097 F DEBUG   : pid: 31953, tid: 32084, name: mqt_v_js  >>> com.obdient.app <<<
07-10 17:07:57.861 32097 32097 F DEBUG   : uid: 10493
07-10 17:07:57.861 32097 32097 F DEBUG   : tagged_addr_ctrl: 0000000000000001 (PR_TAGGED_ADDR_ENABLE)
07-10 17:07:57.861 32097 32097 F DEBUG   : signal 6 (SIGABRT), code -1 (SI_QUEUE), fault addr --------
07-10 17:07:57.861 32097 32097 F DEBUG   :     x0  0000000000000000  x1  0000000000007d54  x2  0000000000000006  x3  000000748019f6a0
07-10 17:07:57.861 32097 32097 F DEBUG   :     x4  0000002131349c61  x5  0000002131349c61  x6  0000002131349c61  x7  0000000000000f00
07-10 17:07:57.861 32097 32097 F DEBUG   :     x8  00000000000000f0  x9  6e0b29455c42a875  x10 0000000000000001  x11 0000007a4090f1f0
07-10 17:07:57.861 32097 32097 F DEBUG   :     x12 00000000000000a8  x13 00000013a5fad6d9  x14 0000000000eb78c4  x15 000000f3e5a5204b
07-10 17:07:57.861 32097 32097 F DEBUG   :     x16 0000007a4097d0f8  x17 0000007a40962c40  x18 0000007470f5c000  x19 0000000000007cd1
07-10 17:07:57.861 32097 32097 F DEBUG   :     x20 0000000000007d54  x21 00000000ffffffff  x22 0000000000000001  x23 000000000000000d
07-10 17:07:57.861 32097 32097 F DEBUG   :     x24 0000000000000000  x25 0000002131348e09  x26 b400007a1c840100  x27 00000013a5f84e51
07-10 17:07:57.861 32097 32097 F DEBUG   :     x28 0000000000000000  x29 000000748019f720
07-10 17:07:57.861 32097 32097 F DEBUG   :     lr  0000007a408f89d8  sp  000000748019f6a0  pc  0000007a408f89fc  pst 0000000000001000
07-10 17:07:57.861 32097 32097 F DEBUG   : 4 total frames
07-10 17:07:57.861 32097 32097 F DEBUG   : backtrace:
07-10 17:07:57.862 32097 32097 F DEBUG   :       #00 pc 00000000000729fc  /apex/com.android.runtime/lib64/bionic/libc.so (abort+156) (BuildId: 4740301183e36162080bd774fc515f34)
07-10 17:07:57.862 32097 32097 F DEBUG   :       #01 pc 0000000001e43bec  /data/app/~~YO6nDQWJiUeG6fT3n2GYiQ==/com.obdient.app-mfq-L291cWCvVcP6QhxYFQ==/base.apk!libbare-kit.so (offset 0x3f70000) (BuildId: df90e53687cb87113ef50d7b7b58d0c5485163c3)
07-10 17:07:57.862 32097 32097 F DEBUG   :       #02 pc 0000000001e5c108  /data/app/~~YO6nDQWJiUeG6fT3n2GYiQ==/com.obdient.app-mfq-L291cWCvVcP6QhxYFQ==/base.apk!libbare-kit.so (offset 0x3f70000) (js_callback_s::on_call(v8::FunctionCallbackInfo<v8::Value> const&)+52) (BuildId: df90e53687cb87113ef50d7b7b58d0c5485163c3)
07-10 17:07:57.862 32097 32097 F DEBUG   :       #03 pc 0000000003457fa4  /data/app/~~YO6nDQWJiUeG6fT3n2GYiQ==/com.obdient.app-mfq-L291cWCvVcP6QhxYFQ==/base.apk!libbare-kit.so (offset 0x3f70000) (BuildId: df90e53687cb87113ef50d7b7b58d0c5485163c3)
07-10 17:07:57.891  1211  1211 E tombstoned: Tombstone written to: tombstone_30
07-10 17:07:58.026 31439 31439 E NetworkErrorMessage: (REDACTED) Invalid connectivity state: %s
07-10 17:07:58.362  2347  3022 E IPCThreadState: Binder transaction failure. id: 13563011, BR_*: 29189, error: -22 (Invalid argument)
07-10 17:07:58.387  1835  1835 E BpTransactionCompletedListener: Failed to transact (-32)
07-10 17:07:58.403  2347  3202 E ModeMonitor: It has no background voice app to use wifi data
07-10 17:07:59.092  1736  1760 E hwcomposer: [DRMDEV] isSupportWbParams(), disp(1220, 2712)  
07-10 17:07:59.293  1736  1760 E hwcomposer: [DRMDEV] isSupportWbParams(), disp(1220, 2712)  
